#
# buildFullRegion
#
# HMM Full Region Hits ( GA Threshold ), sorted by family accession
#seq_acc	family_acc	family_name	bits	e-value	bias	model-st	model-en	strand	ali-st	ali-en	seq-st	seq-en	sq-len	CIGAR	kimura_div	NRPH	CAF
chr1	DF000000001	MIR	100.0	1.9e-25	12.7	5	258	+	168939303	168939546	168939301	168939556	248387328	18M1D54M4D98M1I37M6D36M	43.80	1	TAT/CAGCA/GT/CA/GGTGGT/CTAA/GG-A-GC/TA/GCG/AGGCTC/GTGG/AAG/TC/TCAGA/TC/ATG/CC/TCTGGG/AT/CTC/TGAAT/GCCC/TG/AG/TC/ATCTG/ACCA/TCTTAC/T-TAGC-TGTG/TTG/TACC/TTTGG/AG/AC/AAA/GG/TTTACTTA/CAC/TCT/CC/ATC/TTGTGCCTCAGTTTCC/TT/ACAT/ACTG/ATA/GAAATGG/AGG/AA/TTAATAA/CTA/GG/AT/AAC/TCTA/CCC/TTCAT/CAGG/AG/ATTGTTGTG/A+T+AG/AG/TA/TTTAAATG/AAGTTA/GATAC/TA/GTGT/CAAAG/AC/GGCT/ATAGAA/G-CAGTGC-CTGGCACAT/CA/TG/AT/GAAG/AC/TG/ACTCAATA/CA/CATGTTAGCTAT/G
chr1	DF000000001	MIR	100.0	1.9e-25	3.3	8	238	-	171022755	171022532	171022762	171022512	248387328	10M2D29M1I105M3D36M1D36M2D7M	39.52	0	A/GGCATAGT/AG/AG-TT-AA/GGA/CGCAC/TGG/AGC/GTCT/AG/TGAGCCAGA/GC/GTGC/TC+A+TG/CG/TGTTC/TG/AAATCC/TC/TGGCTCT/CGCC/AACTTA/TCTAGC/GTGTGTGACCTTGGGCAAG/ATTA/TCTTA/GA/TCC/ATCTCTGT/AG/AC/ACTCAGT/CTTC/TCTCAT/CCT/AG/ATAAA/GA/CTG/AGG/AGATAAT/AAAT/C-AGT-AC/TCTA/GCCTC/TA/GT/CAGGG/AT/CTGT/CT/AGTGAGGA/TTT/AAAAT/CGA/CG/A-T-TAATA/GCAT/CG/ATAAAGC/TG/ACT/AT/CAGA/CA/GCAG/ATGC/AC/AT/AGGCAC-AT-A/GGTAAGC/A
chr1	DF000000001	MIR	100.0	1.9e-25	5.1	4	250	+	24570104	24570330	24570102	24570343	248387328	13M5D57M5I11M1D63M6D7M2D1M4D40M7D30M	36.70	0	GT/GAT/CAGCATAGT/CG/A-GTTAA-G/AA/GGC/TA/GCG/AGG/CC/ATCTGGAGC/TCAGAC/AT/CG/AC/GC/AT/CG/AGGTTCG/AAATCCCG/AGCTCTGCC/TA/GCTTACT/C+TACTA+AGCTGTG/TTGAC/T-C-TTGGGCAAGTT/GAC/TTTAAC/TCT/CC/TT/GCTG/AT/AGCCTCAG/ATTTC/TCTC/TA/CTCTGT/CAAAATGGGG/AA/GTAATAA/TT-AGTACC-T/CAC/ACT/CCA-TA-G-GGTT-GTTG/ATG/AA/GGG/TATTAAA/GTGAGT/ATA/TA/GTAC/TATGT/AAAA/TG/ACG/ACTT/CA-GAACAGT-GC/TCT/AGGCACATAG/TTAAGC/TGCTCAA/TTA/TAA/GTG/A
chr1	DF000000001	MIR	100.0	2e-25	0.9	11	258	+	47656367	47656576	47656356	47656578	248387328	14M3D19M23D8M1I119M8D11M5D38M	27.06	1	A/GTAG/ATG/AGTTA/CAGA/GG-CAC-G/AGGCT/CCTGGAGCCAGACTG-CCTGGGTTCGAATCCCGGCTCTG-CCACTTAC+A+T/CA/CGCTGTGTGA/TCCTTG/CG/TGCAAGTT/GACTTA/CACCTCTCTGT/GGCCTCAG/TT/GTTCCTCAT/AC/GT/GG/ATAAA/GA/GTGGGGAT/AAA/CTA/CATAGT/CA/TC/TC/TT/GACCTCAT/CAGGGT/CTGTTG/ATGA/CG/AGATTAAATGAGTTAA-TACATGTA-AAGC/GG/TCTTAGA-ACAGT-GCCTGGC/TACA/GT/GAGT/AA/GAGCG/AC/GTC/TAATAAATG/AT/CTA/GGCTAT
chr1	DF000000001	MIR	100.0	2e-25	11.5	46	258	-	221521157	221520940	221521172	221520933	248387328	44M1D62M1D15M5I50M2I40M	35.86	0	G/AC/TCTGGGTTC/TGAAT/AC/TCC/TG/AG/CC/TTC/AT/CG/AC/ACACTTACTA/TG/ACTGT/CG/CTGAC-C-TTGGG/ACAAGT/GTAC/TT/CT/GAACC/TT/CCTCTGTG/AC/ACTCAGTTTCC/TT/CCATCTG/ATAAAATGGGG/TATA/GATAA-T-AGT/CACCTA/CC/TC/ATC/AAT/AA/T+ATAAT+G/AG/TGTTGTTGTGAGGAT/ATAAATGAGT/AT/CAATACATGTAAAG/TC/AG/ACTT/CAGAACA+CT+G/CTGCC/TTGG/ACA/CCAT/GAG/AT/AA/TA/GG/ACG/ACTCAA/GTA/GAATGT/GTAGC/TTA/TT
chr1	DF000000001	MIR	100.0	2e-25	14.6	3	261	+	78341155	78341408	78341154	78341408	248387328	22M22D46M13D28M29I12M8I44M5D47M2D18M	30.48	1	AG/ATATAGC/TA/GTAGTGG/TTTAAGAG/A-CACGGGCTCTGGAGCCAGACTG-C/TCTGGGTTCG/AAA/GTCCC/TGG/TC/TTCTG/TC/TCACTTA/CCTA/GGCT/CG/ATGTGA/TCC/TT/GT-GGGCAAGTTACTT-AA/GCCT/ACTCTGTGCCTCA/TGTTTCCTCATC/A+ATTAAGTAGTAATAAAGCAAAATAAAGTA+T/AGTAAAATG/AG/AG/AG+TGAAATAA+A/GTAA/GTAATAGTAC/TCT/CACC/TTCATAGGGTT/GGTTGTGAGG/AATTAAAT-GAGTT-AATA/GC/TA/TTGTAAAGCG/ACTTAG/AAAC/TAGTGC/TC/TTGG/ACAC/TATAG/AT/CAAGC/TG/ACT/C-CA-ATAA/TA/GT/CG/TTT/CAGC/TTATTAT
chr1	DF000000001	MIR	100.0	2e-25	1.5	45	251	+	229522010	229522207	229521990	229522219	248387328	17M1D22M1D121M1I11M8D26M	29.77	1	T/GGCCT/CGGGT/CTC/TG/AA/TATCC-C-G/AGCT/CCT/CGCCAC/GT/CTA/GC/ATA/CG/ACTG/CT-G-TGAC/TCTT/GGGGCAAGTT/AACTTAACCTCTC/GTGTGCCTCA/TGTTTCCTCA/CTC/TTGTAAAATGGGGAT/AAAT/AAA/GTAGTACCTACCTC/GA/CTAGGGT/CTG/CTTG/CTGAGGA/GTT/GAA/CA/CTGA/GGTTAATAC/TAT/AG/TTAAA+T+G/AC/TG/ACT/CTAGA/TAC-AGTGCCTG-GC/TA/GCATAGTAAGCG/ACT/CC/AA/TA/TTAAA/GTGT
chr1	DF000000001	MIR	100.0	2e-25	3.0	8	250	-	17750490	17750275	17750493	17750268	248387328	17M9D11M1I39M2D59M4D56M13D33M	35.19	0	AGC/TA/GTA/CGTGGTTAAGAG/A-CACGGGCTC-TGGAG/AC/TCAG/CAC+A+TG/AC/GCTGGGTTCG/AAATCCC/TGG/ACTCTGC/TC/TA/TCTTA/TCT/AAG/ACTG/A-TG-TGAC/TC/TTT/GGGG/ACAAG/TTTA/GC/TTTA/TAC/TCTCTCTGT/AGCCTCAGTTTC/TCTCATCTG/CTAA/CAA/GTGGG-GATA-ATA/CATA/CG/AT/CACCTA/TCCTCAT/GA/CG/AGGT/CTG/AT/CTGT/GGAGG/AATTA/GAAT/AGAGT/AT/CAA/CTA/GCAT/GGTA-AAGCGCTTAGAAC-A/GGTGCCTGGCACATAG/ATAA/GGCG/ACTC/TA/TA/CTA/GAAT/AG
chr1	DF000000001	MIR	100.0	2e-25	5.8	69	262	+	116895471	116895648	116895459	116895648	248387328	100M11D24M1D40M4D14M	28.02	1	GCCA/CCT/AT/GAC/TT/GAGCTGTGTGACC/TT/GTGGGCAAGT/CTA/GCT/CTAAC/GC/TTCTC/TT/GGT/AGCCTCAG/ATTTCCTCA/TTC/TT/CG/ATAA/GAATG/AGGGATAAT/GAA/TTAG/ATA/CCCTACC/TTCAT/CA-GGGTTGTTGTG-AGGATTAA/CATG/AAG/ATTAATA/CCATGT/C-A-AAGC/TGCT/ATAGA/TAC/TAG/ATGCCTG/AGCAC/TATAGTAAGCG/CCTCAA-TAAA-TGTTAGCT/AATTATT
chr1	DF000000001	MIR	100.0	2e-25	6.3	28	196	+	56845422	56845589	56845409	56845608	248387328	64M1D104M	31.19	1	GGGCTCTG/AGAG/ACCA/CG/AA/TCTG/ACCTGG/AG/CTTCG/AAATC/TC/GCG/TG/TCTC/GTG/AC/TC/GAC/TTT/CACT/CAGCTGTGTGA/GCCT/A-T-GG/AGC/AAAG/ATTACTT/AAA/CCCTCTCTGT/GGCCTC/AAGTTT/CCC/TTCATCT/AG/ATAAAAT/CG/AGGGATAATAATAG/ATACCT/AACCTCAT/CA/CGGGTTGTTGTGAG/AGATTAAATG/AAG/ATTAA/G
chr1	DF000000001	MIR	100.0	2e-25	8.6	6	260	-	152829620	152829382	152829622	152829381	248387328	37M1I35M13D99M3D21M1D46M	37.28	1	AT/CAGCATA/GGTGGTTAA/GGAGCA/TC/GGG/CG/ACTC/TTGGAG/TCCA/TG+C+ACTGCCTG/CG/AGTT/AC/TGAAT/CCC/TCG/AGCTC/TT/GGC/AC/TACTTA/GC-TAGCTGTGTGACC-TTG/AGGC/TAA/TGTT/AAC/AT/ATAAC/AC/TTCTCTG/CTGCC/TTCAG/TTTTCCTC/AATCTGTAAAATGG/CG/TGATAA/GTA/GA/TT/CAGTACCT/CAC/TCTCAT/AAG/AG/CG/CTTGTTGTGAGGATTAAAT-GAG-TTAAT/CAC/TA/CT/CG/ATAAAGC/TG/AC/TTT/CA-G-AACA/GGT/AG/AC/TC/GTGG/CC/TACA/CTAGT/GAAGCG/ACTC/AA/TA/GTAAATG/TT/GTA/TGCTA/TTT/CA
chr1	DF000000001	MIR	100.1	1.8e-25	0.6	5	242	+	53565852	53566077	53565851	53566095	248387328	39M2D75M9D27M3I50M4D32M	41.30	1	TA/GT/GAGCAT/CAG/ATGG/AT/CT/CAA/TGAGCAC/GG/AGG/ACTC/ATGG/AA/TGC/TCAG/AA-CT-GCCTGGGTTCG/AAA/GT/CC/TCCG/AGCT/CCTGCC/TA/TCTT/GAC/TTAG/TCTGT/CG/ATGACCT/CTGG/AGC/TA/GAGTTACTT/CA/TAC/TCTCTC/GT/CG/AT/GGCCT-CAGTTTCCT-CATCTGTA/GAAATGGGGAT/GAATA/GAT/GA/GGT/C+ACC+ACCTACCTCAT/GAGG/AGTTG/CTT/CG/AT/CGA/TGGATT/CAA/CAT/CGAGT/ATA/CATA/CCAT/CG/ATAAA-GCGC-TT/CAGA/CACA/TGTGC/TCTGGCACAT/CAGT/CAA/TGCG/AC/TT/CC/A
chr1	DF000000001	MIR	100.1	1.8e-25	14.9	20	255	+	62416198	62416414	62416186	62416420	248387328	22M3D35M1D11M19D15M1I40M1I28M2I62M	30.31	1	AAGAG/ACA/TC/TGGGCTCTG/AG/AAG/AC/TC/AA-GAC-T/AGCCTG/TGGTTCG/AAAT/ACCC/TGGCTCTGCCACTTA/TC/TTA-G-CTG/CT/AGTGACCT-TGGGCAAGTTACTTAACCT-C/TTCTGTGC/TC/TTCA/TGTT+T+TC/TCTC/AAT/CCTGT/CAAAATGGGG/TATAATAAT/CAGT/AACC/TTA/GCCTC/T+T+A/TTAGG/AGTTG/ATTG/CTGAGGATTAAATGAG/CT+TT+TAATACA/TTG/AT/CAAAGCG/ACTT/AAGAACA/TGT/AGCCTG/AG/TCAC/TAT/CAGT/CA/TA/GG/TC/TG/AC/TTCAATAAA/GTGTTAG/TC/T
chr1	DF000000001	MIR	100.1	1.8e-25	17.1	2	258	+	60355989	60356238	60355989	60356244	248387328	24M5D31M1D17M2D29M5D29M7I92M1D21M	34.53	1	CAG/ATATA/GGCATA/TG/ATG/AG/ATTAAGAG/TC-ACGGG-CTC/ATG/AG/AA/TGCCAGACTGCCTGG/CG/ATTC/TG/AAATCC-C-G/AGC/TTCT/AG/TC/GCAC/ATTA/TCTA-GC-TGTGTGA/TCC/TTTGGG/CCA/CAGT/GT/AAC/TTTA/GAC/TCT-CTCTG-TGCCTCAGTT/AT/GCC/TTC/AAT/CCTGT/AAAAA/TTG/AGG+ATGAGAT+GATAATAAT/CAG/TT/CACC/TTAC/TC/TTC/TATAG/AG/AGTT/AG/TTTGTGAG/TG/AATTAAA/GTG/TA/GGTTAATAC/TATG/TTAAA/GGCG/ACTTAGAACAGTGCCTGGC/TACA/TTAGT/CAA-G-C/TG/ACT/CC/GA/CATA/GAA/GTGTTA/GGCTAT
chr1	DF000000001	MIR	100.1	1.8e-25	4.5	27	254	+	108084080	108084275	108084059	108084280	248387328	16M4D20M19D31M1I33M10D95M	30.05	1	C/TGGGC/AT/CCTGGAGCCAG-ACTG-CCTGG/AGTTC/TGA/GATCCC/TGGC/TT-CTGCCACTTACTAGCTGTG-TGACCTT/GGG/AGC/TA/GAGTTAC/TT/GT/GAAC/GCTCTCTGT+T+GC/TCTCAGTTTCCTCATCTGT/CAAAATGG/AG/AGA/GT/AAA-TAATAGTACC-TAC/TCTCAT/AAG/AGG/CTT/AGTTG/ATGA/GG/AGAT/CTAAATGAGTTAAT/CA/GCAT/AG/ATAAAGC/TG/ACTTAGAAC/TA/TGTGC/ACTGGCACAT/GAG/ATAA/TGCG/CC/TTCAA/GT/GAA/CAT/CG/ATT/GAG
chr1	DF000000001	MIR	100.1	1.8e-25	7.0	30	259	+	14551470	14551705	14551462	14551709	248387328	45M1D80M1I9M2I37M2D34M1I6M5I16M	35.07	1	G/ACTCTG/AGA/CG/CCCAGA/GCT/AG/ACCT/CG/AG/AGTTCG/AAATCCCG/AGCT/AC/GT/CG/ACCAC/AT-T-A/CCTA/GGCTGTGTGACCT/CTGGGCAAGTTACTTAACCTCTCTGT/AG/ACC/TT/GC/TAG/CTTTCCTCATC/TTGTAAAATGG/AGG/TATA/GA/GTAATA/CG/A+C+TAC/TCTA/GCCT/A+CC+CAT/AAGG/AGTTGT/ATGT/GG/CAG/AGATT/GAA/GATG/AAGT/AT/CAATA/GCAT-GT-AAAGCG/AC/ATTA/GGA/CAC/AAGT/GG/AC/ACT/CG/AGC/TACATA/CG/ATAAG+A+CG/ACT/CCA+ATAAT+ATAAATG/ATTAGC/TT/GATT
chr1	DF000000001	MIR	100.1	1.8e-25	7.4	50	257	+	38992685	38992885	38992665	38992890	248387328	88M2D10M3D52M1D13M1D38M	35.81	0	GGGTTC/TGAATCC/TC/TGG/ACTCT/AGCCACTTA/CCTA/GGCTG/ATG/ATGACCTTGGGCAAG/CTTACTTAACCTC/TTCTG/AT/AG/ACC/ATC/TA/GG/ATTTCCTCA/GTC/TT/AGTA-AA-A/GTGGGGAT/GAA-TAA-TAGTA/TCC/TTACCTC/TA/GT/CAGGGT/ATG/ATTGTGAGGA/TTTA/GAATG/AAGT/ATAATACA/GTG/ATA/T-A-AGCG/ACT/CTAGA/CAC/TA-G-TGC/TC/GT/AG/AG/ACAC/TAT/CAGTA/GA/GG/AC/TG/ACTCAATAA/TA/CT/CGTT/GAGC/TTA/G
chr1	DF000000001	MIR	100.1	1.9e-25	20.0	6	262	+	213460210	213460436	213460205	213460436	248387328	16M1D12M1D9M1I39M2D62M6I24M1D19M22D3M6D16M4D20M	27.57	0	ATAG/AC/AA/GTAGT/CG/AGTTAA-G-AGCAC/TGG/AGCTC/TT-G-GAGC/TCAGAC+A+TG/AC/TCTGGGT/CTCG/AAATCCC/TGGC/AT/GCTGCCAC/TT/CT/CACTAG/AC/TTG/A-TG-TGACCTTG/AGGCAAGT/CTACTTAAC/TC/ATC/TTCTGT/AGCCT/ACAG/ATTTC/TC/TTCATCTGTAAAATGG/AGGAT+AGTAGT+AATAATAGT/CACCTAC/TCTC/TATA/CG/TGG-T-TG/ATT/GG/ATG/AAG/AGATT/AAAATG/TA-GTTAATACATGTAAAGCGCTTA-G/TAA-CAGTGC-CT/AG/AGCAC/TATAG/AT/AAAGC-GCTC-AATAAATGTTAGC/ATATTATT
chr1	DF000000001	MIR	100.1	1.9e-25	4.2	1	201	-	97992569	97992373	97992569	97992353	248387328	34M1D23M2D15M2D7M1I117M	35.21	1	ACAGTA/GTAGCAT/AAGTGGTTAA/GG/AAGC/TA/CCG/AGG/ACTC/TT-G-GAGCCAGACTGCC/TTGGGT/CTCG/TA/CA-TC-CCG/AGCTC/ATGC/GCACTT/G-AC-TAGC/TT/CGT+A+GT/CG/AA/GC/GCTT/GGG/AGC/AAAG/ATTA/CCTTAACC/TTCT/CC/TTGTG/AC/TCT/CCAGTTT/CCC/TTCATCTG/CTAAAATG/AG/AG/AGAT/GAATAAT/CA/GGTAC/TCTACC/TTCAT/CAGG/AGT/CTGT/AT/CG/AT/GGAGG/AATTAAATG/TAGTTAATACA/TT
chr1	DF000000001	MIR	100.1	1.9e-25	8.9	20	261	-	94190514	94190297	94190521	94190296	248387328	37M4D14M3D8M16D109M1D50M	38.64	1	A/GAG/AAGCA/TCG/AGG/AC/TTCTGG/AAGC/TCAGACTGCCTGG/AGTT/CC/TG-AATC-C/TCG/TGC/TTCTG/ACC/TA/GCT-TAC-TAGC/TTG/ATG-TGACCTTGGGCAAGTT-AC/TTTAAC/TCTC/TT/AC/TT/CG/AT/AGC/TCTC/TA/GG/TTTTCC/ATCA/CTC/TTGTAAAATGGGG/AA/GTAATA/GATAGTAC/TCTACC/ATCATAGGGTTGTTGT/CG/AAG/TGATT/CAAA/GTGA/GG/AT/GT/AAAT/GA/GCATG/CTAAAGCG/CC-T-TA/GGA/GA/GCAGTGCC/TTGGCAC/TA/GT/GAGT/CAAGCG/AC/ATCAATAA/CATGT/ATAG/TCTATTA/TT
chr1	DF000000001	MIR	100.2	1.7e-25	10.4	30	220	+	213085243	213085416	213085231	213085431	248387328	5M1D55M4D95M12D19M	28.42	1	GC/TTC/TT-G-GA/GG/CCCAG/CAC/TTGCCTGGG/AT/CT/AC/AG/AAATCCC/TGGC/TTCT/CG/TCCACTTA/TCTAGCTG/CTGTGAC/AC/T-TTGG-G/ACAA/TG/ATTACT/ATAAC/TCT/CC/TTCTGTGCCTCAG/ATTTC/TCT/ACATC/GTGT/AAAAATG/AGGGAT/CAATAATAG/ATACCTA/GCCTCATAGG/AGTTG/ATTGTGAGGATTAAAT/C-GAGTTAATACAT-G/ATAAAG/ACG/CCTTAG/AAACAGT
chr1	DF000000001	MIR	100.2	1.7e-25	13.2	2	224	+	225491976	225492161	225491976	225492181	248387328	80M1D59M37D27M1I19M	22.31	1	CAGT/GATAGCATAGTGGTTAAGAG/AC/AACG/AGG/AC/TTCTG/AGAG/TC/TC/GAGACTG/AC/GCTG/AG/TGTTC/TGAATCC/TC/TGGC/TT/CCTGC/ACACTTA/TCTA/TGC-T-G/ATGT/CG/TACCTTG/AG/AGCAAGTTACTTA/TA/GCCTCTCTGTGCC/TT/AC/TA/TGTTTCC/TTCATC/GTGTAAAAT-GGGGATAATAATAGTACCTACCTCATAGGGTTGTTGT-GAGGATTAAATGAGTTAATACATGTAA+A+AGC/TGCT/ATAGAACAG/ATGCC/AT
chr1	DF000000001	MIR	100.2	1.7e-25	1.3	59	256	+	25901883	25902071	25901877	25902077	248387328	75M1D19M7D33M1I9M1D22M1D30M	33.17	0	TCC/TC/TG/AGCTCTG/ACCACTTA/GCTAGCTGTGTGA/GC/GCTTGGG/ACAAG/ATT/CA/TCTT/GAA/TCCTCTCTGT/AGCC/TTCA/CG/ATTTCCTCATC/G-T-GTAAAATGGG/AGAT/CAA/GT/GAAT-AGTACCT-A/GCCTC/TA/CT/CA/CGGGTTG/AT/CTG/ATGAGG/AAT/GT/CAA/GATG/AA/GGT/A+A+T/AAATA/GCA/CTG-T-AAAGC/TG/ACTTAGAACAGT/CGCCTG-G-CACAT/CAG/ATAA/GGC/TG/ACT/CCAATAAATGT/GTA/TGC/AT
chr1	DF000000001	MIR	100.2	1.7e-25	16.4	3	249	+	28185008	28185231	28185007	28185241	248387328	37M7D39M10D8M1I57M2D40M5D42M	40.40	1	AGTATAGCATAG/ATGG/ATTAAGAGCACG/AG/AG/ACTC/TTGGAG/AC/T-CAGACTG-CC/TTG/AGGTTC/TG/AAATCC/TC/AG/AG/ACTCT/CG/ACC/TA/GCT/ATA/GC/TT/AA/TGC/TTGTG/T-TGACCTTGGG-CAAGT/CTA/GC/G+G+TT/AAACCTCT/CC/GTG/AT/AGCCTC/TAGTTTC/TCTC/TA/GTCTGT/CAAAATGG/CG/AG/TATA/GATA/CATAGT/AA/CC/TC/GT-AC-C/TT/CCA/TT/AA/GG/AGG/ATTGTTGTG/AA/GG/AGATTAAATGAGT/ATAATA/CC/TAT/CG/T-TAAAG-CG/AC/TTTAGA/CACAGTGCCTGGC/GACATAG/ATAAG/TC/TGC/ATCAATAAAT
chr1	DF000000001	MIR	100.2	1.7e-25	23.4	2	238	+	209246652	209246879	209246652	209246883	248387328	105M2D33M1D9M2I15M3D22M2D4M2D3M1D35M	32.00	1	CAGTATA/TG/ACA/TTA/GGTGG/TTTAAGAG/TCAC/TGGG/AC/TTCTGGAGC/TCAGAC/ATGC/TCTGGG/ATTCG/AAATCCC/AGGC/TTCTG/ACCACTTA/CC/ATAGC/ATG/TTGTGAC/ACTTGGG/ACAAG/CTTAC/ATTA-AC-C/TTCTCTGT/GG/ACC/TTCAG/ATTTC/AC/TTC/AATCTG/AT/AAA/GAA/CT-G-G/AG/AGATAATA+TT+ATAGTACC/TTAC/TCT/AC/TA-TAG-G/AG/ATTGTT/CG/TTGAGG/TA/GTTAAATG/TA/T-GT-TAAT/A-AC-ATG-T-AAAGCG/AC/ATTAG/CAACAG/ATG/AC/TCTGGCAC/AATA/GGT/GAAGC
chr1	DF000000001	MIR	100.2	1.7e-25	5.2	61	249	-	13632620	13632440	13632640	13632424	248387328	42M5D44M3D95M	38.58	0	CC/TG/AGCT/ACT/AGC/GC/TAC/TTT/CACTAGCTG/ATGTGA/GCC/TTTG/AG/AG/AC/TAAG/ATTA/T-CTTAA-CCTCTC/TTGT/GGCCTCAGTTTCCTCAT/CCTGTAAAATG/AGG/AGAT/AAATA/C-ATA-G/CT/CACC/GTA/CCCTCAT/CAG/AG/AGTT/CG/AT/CT/CGT/GGA/GGG/TATTAAATGAGT/ATAATA/GC/GAT/GGTAAAG/AC/TG/CCTTAGA/CAC/GAGTGC/TC/TTGGCA/GC/TA/CTAGTAAGC/TG/ACTCAATAAA/TT/C
chr1	DF000000001	MIR	100.2	1.7e-25	8.3	4	262	+	13924996	13925253	13924994	13925253	248387328	56M11D15M4I27M4I35M3D41M4D16M18I20M9D22M	36.13	1	G/ATATAG/ACA/TTA/TG/ATGGTT/CAAGA/GGC/TA/GC/TGGG/AC/TTCTGGA/CG/AC/TCA/CGACTGCCTGGG/AT/CTC/TG/AA/CAT-CCCGGCTCTGC-C/TACTTACTAGCTGT/GG+CAAG+TG/AA/TCCTTG/AGGC/TAAGTTACT/ATAACCTCT+TTAT+C/TTG/ATG/ACCTC/TAGTTTC/TC/GTCATCTGT/CAA/CAATGGGG/AAT-AAT-AATA/CGTA/TCCTA/GC/TC/TTCAT/CAGG/AGT/CTGTTG/CT/CGAGG/AA/CTTA/GAATGA-GTTA-ATAC/TATGT/CAAAGC/AGCT+TTTCTAAGCTTTCCTTCC+TA/GGA/CAC/TA/GG/CTGC/ACTGG/ACACAT/C-AGTAAGCGC-T/ACA/TA/GTAAATG/ATTAGCT/CATTATT
chr1	DF000000001	MIR	100.2	1.7e-25	8.4	31	251	+	28396190	28396388	28396170	28396395	248387328	3M2D8M4D22M11D36M2D19M1I7M3D61M1D42M	28.49	1	CTC-TG-G/AAGCC/GAGA-CTGC-CTGGGTTC/TGAAT/AC/GCC/TG/AG/TC/TTCTG/A-CCACTTACTAG-CTG/CTG/ATGACCTTGGGC/TAAGTTACTTAACC/TT/GCTCTGT-GC-CTCAG/TTT/CT/ACC/TTC/TA/GT/AC/GTG/ATA+A+AAATGGG/A-GAT-AATAAT/CAGT/CACCTACCTCA/CTAGG/AGTTG/ATT/GGTGAGGATTAAATGAGTTAATA/TCAT/CG/ATA/TA/CAG/TC-G-C/ATTAGA/GACAGTGC/TC/ATGGCAC/TATAGT/CAA/TG/AC/TGCTCAA/GTAAA/GTG/AT
chr1	DF000000001	MIR	100.2	1.7e-25	9.4	24	259	+	213753161	213753389	213753155	213753398	248387328	24M1I27M1D15M1D5M8D41M3I84M1D29M	35.48	1	GCA/CC/TGGGCTC/TT/CG/CG/AAGC/TCAGAC/TTG/TC+A+CT/AG/AG/AGTTCGAATCCCG/AG/CC/ATCTGCC/TACT-T-A/GCTAGCTGTGTG/CAC/GC/T-T-TGG/AGC-AAGTTACT-TAA/TC/AC/TTC/TTC/TTG/CTGC/TCTCA/GGTTTCC/TT/CC/GATCT/GGTAAAATGGGG+GCA+ATAATAATA/GGTAC/TCTAC/TC/TTCATAGG/CGTTGTT/CG/ATG/AAG/AGATTAAATGAGT/ATAATA/GC/TA/GTGT/CAAA/GGC/TGC/GT/GTAGA/CACAGTGCC/TTGGCAC/A-A-T/AAGTA/CA/GG/AC/TG/TCTCAA/TTAAATG/TT/CT/CA/TGC/ATATT
chr1	DF000000001	MIR	100.2	1.7e-25	9.6	19	217	-	192288638	192288440	192288648	192288419	248387328	24M8I35M7D79M1I45M2D7M	33.98	1	TA/TA/GGA/GG/CC/TAC/TGGG/ACTC/GTGGAG/ACC/TAG+GGCACAAG+ACTGCC/TTGGGT/CTC/TGAAT/GC/TCC/TG/AG/AC/TTCTG/TCCACTTAC-TAGCTGT-G/ATGACCT/CT/AGG/AG/AC/GAAGTTAC/TT/CTAAC/TC/TTCTC/TTGTGCCTCA/CG/ATTTCCTCATCTGT/CAAAATG/TG/AGG/AA/CTAA/GT/CAATAGTAC/ACTACC+C+TCATAGGGT/CTGTTG/AT/AGAG/AG/AATTAAATGAGTTAAT/AAC/TA/GTG/ATAAAGC/G-GC-TT/AAGAAC/A
chr1	DF000000001	MIR	100.2	1.8e-25	22.8	5	249	+	49409467	49409698	49409465	49409718	248387328	62M1I23M2D72M11D32M1D42M	38.70	1	TATAG/AC/TAT/AAG/ATGG/ATTAAGAG/AC/TAC/TG/AG/AGCT/CCTG/AGA/TGC/TC/TAGACTG/ACCTGGG/ATTCG/AAATCCC/TGG/CC/AT+C+CTG/AC/TCA/TCT/ATACTA/GGCT/AG/AT/AGT/CG/AAC-CT-TG/AGG/ACAAG/ATTACTT/CAACC/TTC/TTCTGTGCC/TTCA/TGTTT/GC/TCTC/TATCTG/ATAAAATG/AGGGA/GT/AAATAAT/AAG/ATACCTAC/AC/A-TCATAGGGTTG-T/CT/AG/CTGAGGATTAA/GATGAG/AT/ATAA/GTAC/TATGTAAA-G-C/TG/ACT/CTAGA/GA/TCAG/ATG/ACCTG/AGCACAT/GAGT/CAA/CG/TCG/AC/ATCAATAAAT
chr1	DF000000001	MIR	100.2	1.8e-25	8.3	20	248	+	155417905	155418120	155417898	155418126	248387328	27M5I25M2D2M4D60M1I16M3D40M3I10M13D27M	29.52	0	AAGAGCACG/AG/CGCTC/GTGG/AA/TGCCAGA/GCT/AG+AAAAT+CC/TT/AGGGTTC/TGAAT/CCCC/TGGCTC/GTGC/TC-AC-TT-ACTA-G/ACTG/CTGTGA/CCC/TTTGGGCAAG/ATTACT/CT/CAA/CCCTC/TTC/TT/AG/AT/AGCCTC/TAGTTT/ACCT/ACATCT/AG/ATAAA+A+AT/CGG/AG/AGATAATAATAG-TAC-CTACC/TTCAT/GAGG/AG/AT/CTGTTGTGAGGATTAAATGAG/AT/ATAATA+ATT+C/TATG/ATAA/TAGC-GCTTAGAACAGTG-C/TCTGGC/TAC/TATA/GGTAAG/ACG/AC/TTCAATAAA/T
chr1	DF000000001	MIR	100.2	1.8e-25	8.7	25	220	-	87084392	87084197	87084401	87084177	248387328	22M1I116M1D57M	39.52	0	CA/TCG/AGG/AC/ATCTG/AGAG/AC/TCA/CG/AA/GCT/AG+A+CC/TTGGG/TT/CTCG/AAA/GTC/TCCG/AGC/TTC/ATGCCA/CC/ATTAC/TT/GAGCTGTGTGA/GCCTTGGGCAAGT/AT/CACT/AT/CAACCTC/TT/AC/TTG/AT/AGC/TCTCAGTTTC/TCTCATCTGTAAAA/GTG/AGGGATAATAA/GTAG/ATAC/ACTAC/T-C-TCAT/GAG/AG/AGT/AT/AG/TTTGTGAGGATTAAATGAG/ATTA/TATA/GC/TAT/CG/TT/AA/CAA/GG/ACG/ACTT/CAGA/CAC/TAGT
chr1	DF000000001	MIR	100.3	1.5e-25	4.7	17	210	+	89465384	89465575	89465368	89465582	248387328	146M2D46M	36.02	1	GT/ATAAGAGC/TA/GC/TGGGCTC/TTG/CG/AAGC/TCAG/AA/GCTGC/TCT/CGGGTTC/AG/TAA/CTCCC/TGGCTC/GTGCCACTTACTAGCT/AGT/CG/ATGAC/GC/GT/CTG/AGGCAAGTT/GACT/ATA/TAC/GCTC/GTC/ATGTGCCTCAGT/AT/CTCCT/CC/TATCTGTA/GAAATGGGG/AATAA/GTAAT/GAG/TTACCTA/GC/T-CT-C/TATA/CG/CG/TGTTGTTG/AT/CG/AA/TGGATT/GAAATGAG/AT/ATA/CATACATGTAAAG/AC/TG/TC/T
chr1	DF000000001	MIR	100.3	1.5e-25	5.3	48	247	-	202984311	202984126	202984320	202984108	248387328	16M5D85M3D19M1I12M3D16M1D24M3D13M	28.87	0	CTG/AGG/AT/CTC/TGA/GAT/AC/TCC/TG-GCTCT-GCCACTTA/CCTAGCTGT/AGTGACC/TT/GTGG/AGC/AAAGT/CTACTTAACC/TTCT/CC/TTGT/AGCCTCAG/AT/GTTCCTCAT/CCT/CG/ATAAAATGGGGATAATAAT-AGT-ACCTACC/TTCAT/CAG/AGGTT/CG/AT+T+TG/TTGAG/AGAT/ATAA/C-ATG-AGT/ATAA/GTA/GCATG/ATAAA-G-C/TGCTTAG/TA/TACAGTGC/GCTGG/ACACAT-AGT-AAGC/TGCTC/AAA/GT/CA/TA
chr1	DF000000001	MIR	100.3	1.6e-25	0.1	14	210	-	20226681	20226490	20226688	20226470	248387328	30M1D43M1D30M1D4M1D36M1D49M	29.13	1	GTGGT/CT/AAAGAG/ACA/TCG/AGG/ACTCTGG/AAGCCAGA-C-TGCCTGGGTTCG/AAATCCC/TGGCTCT/GGCCA/GCTTA/CCT/CAG/AC/GTGTGTG-A-CCTTG/AG/AGC/AAAGTT/CACTTAA/GCCT/CCTC/TTG/AT/AG/AC/A-C-TC/GAG-T-TTCC/TTCATCTGTA/CAA/GATGGGGATAATAATAGT/CACCT-A-CCT/CCATAGGGT/CTGTTG/TTGA/GGGAT/GT/AAA/GA/CTG/CAGTT/CA/CAT/CA/GC/TATGTA/GA/TAGCG/AC/T
chr1	DF000000001	MIR	100.3	1.6e-25	0.8	29	256	-	36720666	36720445	36720678	36720440	248387328	18M1I11M5D98M1D25M1D8M2I51M2D8M	34.26	1	GG/CCTC/TT/AGGAGCCAGACT/AG/A+A+C/AC/GTGG/AG/CTTC/GGA-ATCCC-G/AGCTC/TT/CG/ACCACTTA/TC/TTAG/ACTGT/GG/ATG/AACCTTGGG/ACAAGT/CTACTT/GAAC/GCTC/TTCTGTGCCTCAGTT/GTCCTCA/CTCTGTA/CA/CAA/GTGGG/AGATAAT/AAATAGT/CACCT-A-C/TC/ATCATA/CG/AGGTTGTTG/CTGAGGATTA/G-A-A/GTGAGTTA/T+TG+A/GT/CACA/GTGTA/GA/TA/CGCG/ACTT/AA/GGA/GACAG/AT/CGCCTGGCA/TCA/GTAGT/CAA/GGC/TGCTC/GAAT/CA-AA-T/GGTTA/GGCT
chr1	DF000000001	MIR	100.3	1.6e-25	10.8	55	262	-	112356184	112355990	112356201	112355990	248387328	49M5D18M1I31M4D34M5D62M	30.80	1	C/TG/CAA/GTCCC/TG/AGCTCTGCC/TAC/TTT/CACT/AAG/ACTG/CTGTGAC/AC/TT/AT/CG/AGGCAAG/TTTAC-TTAAC-C/TTCTCTG/TTGCC/TTCAGTTT+G+C/GCT/ACAT/CCTGTAAAA/CTGGG/TGATAAT/AAA/GTAGT/CA-CCTA-C/TCTCATAGGG/ATTG/ATTGT/GGA/GGG/TATTAAATGAGTT/CA/G-ATACA-T/AGTAA/CAGC/TG/ACTTAGAA/GC/TAG/TT/CG/ACC/TTGGC/GACATAGTAA/TGC/TGC/TTCAATAA/TATGTTAG/ACTATTATT
chr1	DF000000001	MIR	100.3	1.6e-25	13.1	9	259	+	172375811	172376033	172375803	172376034	248387328	39M1D96M1D26M3D12M23D50M	35.97	1	GC/TA/GT/GAG/TTGGTTA/GAGAGC/AAC/TG/AG/CGCT/CCTGGAG/CC/TC/TAGACTGC-C-TGG/AGT/AT/AC/AG/AAA/CTC/TCC/TGGCTC/TTG/AC/TC/TA/CCTTACTA/GGC/TTG/TTGTGAC/TC/TTTG/AG/AG/TCAAGTTAC/TTT/GAACC/ATCT/CCTGTG/TCC/TTCAGT/CTTCC/TTCATCTG/ATAAAATGGG-G-ATAATAAT/AAGT/GAC/TC/ATAC/TC/TTCAT/AA/GG/AG/AG-TTG-TT/CG/ATGAGGATTA-AATGAGTTAATACATGTAAAGCG-CTTAGA/GAC/GAGTG/ACC/GTGGCACAT/CAGTAAGCG/TC/GTCAATAAATG/ATT/GAGCTA/GTT
chr1	DF000000001	MIR	100.3	1.6e-25	17.9	7	262	-	186060202	186059952	186060204	186059952	248387328	26M2D64M1D53M3I45M3D9M1D28M1D23M	35.27	1	TAGCAT/CAG/ATGGTT/GAAGA/CG/ACACG/AGG/ACT-CT-GGA/TGC/TC/TAGACTG/TCCT/CG/TG/TGT/GTCG/AAATCC/TCG/AGC/TTCTG/TCCACTTAC/ATAG/TC/ATGTGTGACCTTGGG/TCAA-G-TTA/GCT/ATA/GAC/TC/ATC/TTCTGTGCCTCAGTT/GTCCTC/TATCTGTAAAATGG/TGG/TATA/GATAA+TAC+TAG/CTACC/TTAC/TCTCA/TT/AA/TG/TG/AGT/CTGTTG/TTG/AA/GG/AG/AATTAAAT/CG/TAGTT/GAAT-ACA-TGTA/GA/CAG/AC/TG/A-C-TTAG/TAAC/TAGT/AG/ACCT/AGG/TC/TAC/GATAG/CT/CAAGC-G-CTC/GA/TA/GTAAA/GT/AGTTAG/TCTATTATT
chr1	DF000000001	MIR	100.3	1.6e-25	18.4	6	260	-	102457031	102456793	102457033	102456788	248387328	18M8D54M1I11M1I18M2D90M8D46M	37.12	1	ATAGCATAG/ATGGTTAA/GGA-GCACGGGC-TC/TTGGAGCCAGA/GCTG/TC/TCTG/AG/AGTT/CCG/AAATC/TCC/TG/AGC/ATCT/CG/AC/TCA/CCTTA/GCTAGC/TTG/TTG/A+T+TGAC/AC/TTTG/AGG/TC+T+A/CAGTTAC/TTT/CAAC/GCTCTCT-GT-GCCTCAG/TT/GT/GTCC/ATCATCTGT/AAAAATGG/AG/CGA/GTAATAA/CTA/TGTAC/TCT/AAC/TC/TT/GC/GAT/GAG/AGGTTGTTGTG/AAGG/AATTAAATG/TAGTTAATAC/TA/GTGTAAA-GCGCTTAG-AA/GCAGTG/ACC/TTG/AGC/AACAT/CAG/CTAAGC/TG/ACT/AC/GA/CA/TTAAATG/ATTA/TGC/TTA/GTT/AA
chr1	DF000000001	MIR	100.3	1.6e-25	20.2	6	261	+	42406381	42406622	42406377	42406626	248387328	29M1D9M3D18M10D186M	41.84	0	ATAGC/AA/GTAGT/AG/TG/ATTAAG/AAGC/TAC/AGG/AGC/ATC/TT-G-G/AAGC/TC/TAGAC-TGC-C/TTGG/AG/CTTC/AGAATC/TCCG/AGC/T-TCTGCCACTT-ACTA/GG/ACTGTGTGAC/ACTTGGG/ACAAG/ATTAC/TT/GTAACC/ATC/ATCTGT/AGCCTCAG/CT/CTT/GC/TCTCA/CTCTGTAAAAT/AG/TG/AG/AG/TA/GTAATAATAG/ATA/TCCT/AAC/TCTCATAGGGT/GTG/CT/CTG/AT/GGAG/AG/AAT/CT/AAAATGAG/AT/ATAATA/GCATG/CTAAA/CG/AC/TG/ACTTAG/CA/CAC/TAGTG/CC/TCTGG/ACAC/TA/GTA/GGTAAGC/TG/CCTCAATAA/TAT/AG/AT/GTAGCTA/GTTAT
chr1	DF000000001	MIR	100.3	1.6e-25	21.0	33	252	+	76596544	76596744	76596535	76596755	248387328	41M4D34M2D47M4D12M1D31M1D7M3D22M4D7M	26.92	1	CTGG/AAGC/TCAG/CAC/TTG/ACCTGG/AG/ATTC/TG/TAATC/TCCG/AGC/AT/CCTG/ACCA/TC-TTAC-TAG/CCTGTG/AT/AG/AACCTTG/CG/AGC/AAAGT/CTAC/TTTAACCTC-TC-TGTGCCTCAGTTTCC/TTCATCTGTAAAATGGGGATAATA/CAT/CAGTAC/TCT-ACCT-C/TA/CTAG/AG/TGT/CTGTT-G-TG/AAG/TGATTAAATGAG/ATTAATACATG/ATAAAGC/T-G-CTTAGAA-CAG-TG/ACCTG/AG/TC/TAC/TATAG/TTA/GAGC/TGC/GT-CAAT-AAA/GTGTT
chr1	DF000000001	MIR	100.3	1.6e-25	2.6	32	246	+	223693530	223693734	223693521	223693754	248387328	31M9D24M1I50M2D99M	37.73	0	TC/ATG/AGAG/TC/TCAG/CACTGCC/TTGG/AGTTCG/AAAT/GCCC-GGCTCTGCC-ACT/ATA/CC/TTAG/ACTG/CTGTGACCTTGGG+G+C/TAAGTT/AAC/TTTAACCTC/TT/GCTG/AT/GGCCTCAGTTTC/TCTC/TATCTGT/GA/GAAATGGGG/A-AT-A/CATA/TA/GT/CAG/ATAC/GCTAC/TCTCATA/CG/AGGT/CTGTTG/TT/AGAGGATT/CAA/GATGAGT/AT/CA/CA/CTA/GC/TA/TT/CG/CTA/GAA/GGC/TGC/GTT/CAGA/CAC/TA/GG/ATGCCTGG/ACACATA/TGTAAGC/TGCTCAATA/G
chr1	DF000000001	MIR	100.3	1.6e-25	2.6	8	229	+	37514211	37514436	37514208	37514456	248387328	11M1D27M12D19M1I118M17I22M1D11M	31.32	0	AGC/TA/GT/CAGTGGT-T-A/CAGAGCAC/AGGGCTC/TTG/AG/CAGCCAGACT/AG-CCTGGGTTCGAA-T/GCCCG/AGCTCTGCCACTTAC+C+TA/GGCTGTGTGACC/ATTGG/AGCAAGTT/CACTTAACCTCTCTGT/AGC/TCTCAGT/CTT/GC/AC/AT/AC/AA/TT/CC/ATGTAAA/CATGGG/TGATAATAATA/TG/ATACCTA/GCCTCATAGG/AGTTG/ATT/GG/ATGAGG/AATT/AAA/CAT/GGA/TG/AT/GT/AA+ATTCATTTATTCCGCAT+ATAC/TA/TTG/ATA/TA/GAGCG/TCTTAG/CA/CAC/T-A-GTGCC/TT/AGGCAC
